// Jest Snapshot v1, https://goo.gl/fbAQLP

exports[`program func-no-arg-no-return-value.html 1`] = `"hello, world!"`;

exports[`program func-no-arg-return-value.html 1`] = `"hello, world!"`;

exports[`program func-one-arg-return-value.html 1`] = `"Hello, world!"`;

exports[`program func-two-args.html 1`] = `"hello, world!"`;

exports[`program hello_br_world.html 1`] = `
"Hello,
world!"
`;

exports[`program helloworld.html 1`] = `"Hello, world!"`;

exports[`program math-plus.html 1`] = `"6"`;

exports[`program var-and-a-func.html 1`] = `"Hello, world!"`;
